   Compiling resourcefs-sources v1.0.0 (/home/dwalleck/repos/resourcefs-wt-rfs-0n97-impl/crates/resourcefs-sources)
    Finished `test` profile [unoptimized + debuginfo] target(s) in 0.84s
     Running tests/github_live_smoke.rs (target/debug/deps/github_live_smoke-76306b97dede91bc)

running 2 tests
RFS_LIVE is not 1; skipping live GitHub smoke
RFS_LIVE is not 1; skipping live GitHub smoke
test live_github_reads_hold_up ... ok
test live_github_facts_preserve_native_identity_and_links ... ok

test result: ok. 2 passed; 0 failed; 0 ignored; 0 measured; 0 filtered out; finished in 0.00s

   Compiling resourcefs-sources v1.0.0 (/home/dwalleck/repos/resourcefs-wt-rfs-0n97-impl/crates/resourcefs-sources)
    Finished `test` profile [unoptimized + debuginfo] target(s) in 0.67s
     Running unittests src/lib.rs (target/debug/deps/resourcefs_core-b0b3018083219634)

running 0 tests

test result: ok. 0 passed; 0 failed; 0 ignored; 0 measured; 4 filtered out; finished in 0.00s

     Running tests/acquisition_contract.rs (target/debug/deps/acquisition_contract-7f45ea1ff0e64efb)

running 0 tests

test result: ok. 0 passed; 0 failed; 0 ignored; 0 measured; 3 filtered out; finished in 0.00s

     Running tests/discovery_engine_contract.rs (target/debug/deps/discovery_engine_contract-a93623773007af3f)

running 0 tests

test result: ok. 0 passed; 0 failed; 0 ignored; 0 measured; 9 filtered out; finished in 0.00s

     Running tests/github_reference_contract.rs (target/debug/deps/github_reference_contract-c33da38803f6cbb0)

running 0 tests

test result: ok. 0 passed; 0 failed; 0 ignored; 0 measured; 8 filtered out; finished in 0.00s

     Running tests/hashline_patch_contract.rs (target/debug/deps/hashline_patch_contract-0b0c5d444943b34c)

running 0 tests

test result: ok. 0 passed; 0 failed; 0 ignored; 0 measured; 8 filtered out; finished in 0.00s

     Running tests/http_policy_budget.rs (target/debug/deps/http_policy_budget-030107ef67e64b7e)

running 0 tests

test result: ok. 0 passed; 0 failed; 0 ignored; 0 measured; 1 filtered out; finished in 0.00s

     Running tests/http_policy_contract.rs (target/debug/deps/http_policy_contract-665a0fc2dd8e453e)

running 0 tests

test result: ok. 0 passed; 0 failed; 0 ignored; 0 measured; 6 filtered out; finished in 0.00s

     Running tests/jira_query_reference_contract.rs (target/debug/deps/jira_query_reference_contract-b1a36f41db9d1655)

running 0 tests

test result: ok. 0 passed; 0 failed; 0 ignored; 0 measured; 5 filtered out; finished in 0.00s

     Running tests/jira_reference_contract.rs (target/debug/deps/jira_reference_contract-5bd3b5d42ed8a52c)

running 0 tests

test result: ok. 0 passed; 0 failed; 0 ignored; 0 measured; 15 filtered out; finished in 0.00s

     Running tests/local_containment_contract.rs (target/debug/deps/local_containment_contract-946296f30bf3f794)

running 0 tests

test result: ok. 0 passed; 0 failed; 0 ignored; 0 measured; 2 filtered out; finished in 0.00s

     Running tests/local_quota_contract.rs (target/debug/deps/local_quota_contract-58183d9e230c8940)

running 0 tests

test result: ok. 0 passed; 0 failed; 0 ignored; 0 measured; 3 filtered out; finished in 0.00s

     Running tests/mutation_engine_contract.rs (target/debug/deps/mutation_engine_contract-5983d11cf544d3eb)

running 0 tests

test result: ok. 0 passed; 0 failed; 0 ignored; 0 measured; 23 filtered out; finished in 0.00s

     Running tests/path_reference_contract.rs (target/debug/deps/path_reference_contract-8a6e425c83217d54)

running 0 tests

test result: ok. 0 passed; 0 failed; 0 ignored; 0 measured; 16 filtered out; finished in 0.00s

     Running tests/path_session_contract.rs (target/debug/deps/path_session_contract-7706e7a160eb4fb8)

running 0 tests

test result: ok. 0 passed; 0 failed; 0 ignored; 0 measured; 15 filtered out; finished in 0.00s

     Running tests/read_engine_contract.rs (target/debug/deps/read_engine_contract-3862ae8fed173f3b)

running 0 tests

test result: ok. 0 passed; 0 failed; 0 ignored; 0 measured; 14 filtered out; finished in 0.00s

     Running tests/secret_opacity_contract.rs (target/debug/deps/secret_opacity_contract-6caa1c126037f5c1)

running 0 tests

test result: ok. 0 passed; 0 failed; 0 ignored; 0 measured; 5 filtered out; finished in 0.00s

     Running tests/selector_golden_contract.rs (target/debug/deps/selector_golden_contract-154a4625798f6e8b)

running 0 tests

test result: ok. 0 passed; 0 failed; 0 ignored; 0 measured; 9 filtered out; finished in 0.00s

     Running tests/server_limits_contract.rs (target/debug/deps/server_limits_contract-4189a58b35cec55d)

running 0 tests

test result: ok. 0 passed; 0 failed; 0 ignored; 0 measured; 3 filtered out; finished in 0.00s

     Running tests/source_resource_content_type_contract.rs (target/debug/deps/source_resource_content_type_contract-144046e02472d93d)

running 0 tests

test result: ok. 0 passed; 0 failed; 0 ignored; 0 measured; 3 filtered out; finished in 0.00s

     Running tests/text_limits_contract.rs (target/debug/deps/text_limits_contract-5d1b92f4930dbcce)

running 0 tests

test result: ok. 0 passed; 0 failed; 0 ignored; 0 measured; 2 filtered out; finished in 0.00s

     Running tests/version_tag_contract.rs (target/debug/deps/version_tag_contract-d70f75a9453c231b)

running 0 tests

test result: ok. 0 passed; 0 failed; 0 ignored; 0 measured; 8 filtered out; finished in 0.00s

     Running unittests src/lib.rs (target/debug/deps/resourcefs_mcp-a38f91e7b035837b)

running 1 test
missing reader-only environment RFS_ATLASSIAN_SITE; skipping live Jira query stdio
test server::jira_query_tests::live_jira_query_stdio ... ok

test result: ok. 1 passed; 0 failed; 0 ignored; 0 measured; 23 filtered out; finished in 0.00s

     Running unittests src/main.rs (target/debug/deps/resourcefs-8dc0f155de758a55)

running 0 tests

test result: ok. 0 passed; 0 failed; 0 ignored; 0 measured; 0 filtered out; finished in 0.00s

     Running tests/architecture_contract.rs (target/debug/deps/architecture_contract-81399580a4195a49)

running 0 tests

test result: ok. 0 passed; 0 failed; 0 ignored; 0 measured; 7 filtered out; finished in 0.00s

     Running tests/cli_contract.rs (target/debug/deps/cli_contract-b8f8067443bd4d32)

running 0 tests

test result: ok. 0 passed; 0 failed; 0 ignored; 0 measured; 10 filtered out; finished in 0.00s

     Running tests/logging_contract.rs (target/debug/deps/logging_contract-3c8b88e2b58c93da)

running 0 tests

test result: ok. 0 passed; 0 failed; 0 ignored; 0 measured; 9 filtered out; finished in 0.00s

     Running tests/probe_contract.rs (target/debug/deps/probe_contract-8fdb2a06a50893e3)

running 0 tests

test result: ok. 0 passed; 0 failed; 0 ignored; 0 measured; 1 filtered out; finished in 0.00s

     Running tests/profile_contract.rs (target/debug/deps/profile_contract-a1c534b9aa23495f)

running 0 tests

test result: ok. 0 passed; 0 failed; 0 ignored; 0 measured; 19 filtered out; finished in 0.00s

     Running tests/schema_contract.rs (target/debug/deps/schema_contract-982778ce488a210e)

running 0 tests

test result: ok. 0 passed; 0 failed; 0 ignored; 0 measured; 4 filtered out; finished in 0.00s

     Running tests/stdio_live_smoke.rs (target/debug/deps/stdio_live_smoke-1c6855d4c85b69c1)

running 2 tests
S1 check --probe: [("forge", String("available")), ("docs", String("available"))]
S2 catalog: 983 bytes
test live_stdio_github_facts_match_native_observation ... ok
S3 github: title "Don't list escaping bound regions in nested `for<...>` binders of E0308 notes"; search 1 hit; issues 49152 bytes, continuation artifact://ac42573b07833a356b088ef7d8ca136c-1:page:49152, source continuation Some("issue://rust-lang/rust:page:11")
S4 https: 6826 bytes
S5 refusals: not_found, permission_denied
test live_stdio_profile_probe_serve_and_tools_hold_up ... ok

test result: ok. 2 passed; 0 failed; 0 ignored; 0 measured; 0 filtered out; finished in 12.48s

     Running tests/stdio_mcp_contract.rs (target/debug/deps/stdio_mcp_contract-c2e9d9f44994da18)

running 0 tests

test result: ok. 0 passed; 0 failed; 0 ignored; 0 measured; 44 filtered out; finished in 0.00s

     Running tests/supply_chain_contract.rs (target/debug/deps/supply_chain_contract-3811b0e2b4f5c47a)

running 0 tests

test result: ok. 0 passed; 0 failed; 0 ignored; 0 measured; 5 filtered out; finished in 0.00s

     Running unittests src/lib.rs (target/debug/deps/resourcefs_sources-c5dbd9e223775a0c)

running 0 tests

test result: ok. 0 passed; 0 failed; 0 ignored; 0 measured; 41 filtered out; finished in 0.00s

     Running tests/artifact_adapter_contract.rs (target/debug/deps/artifact_adapter_contract-3d7c0a8096d648ba)

running 0 tests

test result: ok. 0 passed; 0 failed; 0 ignored; 0 measured; 7 filtered out; finished in 0.00s

     Running tests/atlassian_fixture_operator_contract.rs (target/debug/deps/atlassian_fixture_operator_contract-749a6be119a46fca)

running 0 tests

test result: ok. 0 passed; 0 failed; 0 ignored; 0 measured; 78 filtered out; finished in 0.00s

     Running tests/atlassian_jira_adapter_contract.rs (target/debug/deps/atlassian_jira_adapter_contract-df83197155e99d8c)

running 0 tests

test result: ok. 0 passed; 0 failed; 0 ignored; 0 measured; 12 filtered out; finished in 0.00s

     Running tests/compiled_sources_contract.rs (target/debug/deps/compiled_sources_contract-aafb03fd750773a2)

running 0 tests

test result: ok. 0 passed; 0 failed; 0 ignored; 0 measured; 7 filtered out; finished in 0.00s

     Running tests/configuration_contract.rs (target/debug/deps/configuration_contract-e563f2a4ab184440)

running 0 tests

test result: ok. 0 passed; 0 failed; 0 ignored; 0 measured; 33 filtered out; finished in 0.00s

     Running tests/filesystem_adapter_contract.rs (target/debug/deps/filesystem_adapter_contract-0b4e5bb0db26b00d)

running 0 tests

test result: ok. 0 passed; 0 failed; 0 ignored; 0 measured; 41 filtered out; finished in 0.00s

     Running tests/filesystem_mutation_contract.rs (target/debug/deps/filesystem_mutation_contract-f34b03719db04468)

running 0 tests

test result: ok. 0 passed; 0 failed; 0 ignored; 0 measured; 10 filtered out; finished in 0.00s

     Running tests/filesystem_resource_limits_contract.rs (target/debug/deps/filesystem_resource_limits_contract-5e6b33e2a8faf448)

running 0 tests

test result: ok. 0 passed; 0 failed; 0 ignored; 0 measured; 3 filtered out; finished in 0.00s

     Running tests/github_adapter_contract.rs (target/debug/deps/github_adapter_contract-c8b8d396007446bc)

running 0 tests

test result: ok. 0 passed; 0 failed; 0 ignored; 0 measured; 27 filtered out; finished in 0.00s

     Running tests/github_facts_contract.rs (target/debug/deps/github_facts_contract-694f1e94aefdee84)

running 0 tests

test result: ok. 0 passed; 0 failed; 0 ignored; 0 measured; 21 filtered out; finished in 0.00s

     Running tests/github_live_smoke.rs (target/debug/deps/github_live_smoke-29d8a6ce00b1d33d)

running 2 tests
test live_github_facts_preserve_native_identity_and_links ... ok
L1 issue collection: 344 issue rows, continuation Some("issue://rust-lang/rust:page:11")
L1 page 11: 468 rows, continuation Some("issue://rust-lang/rust:page:21")
L2 aggregate: 10901 bytes
L2 projections: comment 4959513954, inline 3826494362, diff/1 ok
L3 diff/45: File: tests/ui/coercion/unboxing-needing-parenthases-issue-132924.stderr
L4 kind and parent refusals: not_found
L5 title twice: "Don't list escaping bound regions in nested `for<...>` binders of E0308 notes"
L6 search: "Kind: pull request"
test live_github_reads_hold_up ... ok

test result: ok. 2 passed; 0 failed; 0 ignored; 0 measured; 0 filtered out; finished in 27.84s

     Running tests/github_mutation_contract.rs (target/debug/deps/github_mutation_contract-3fe6660cad2b4017)

running 0 tests

[Showing lines 1-300 of 507. Use :301 to continue]